Taxon	PC.634	PC.636	PC.354	PC.481
k__Bacteria;p__Bacteroidetes	0.7142857142857142	1.0	0.0	0.0
k__Bacteria;p__Firmicutes	0.2857142857142857	0.0	1.0	1.0
